{
  "version": "1.5.0",
  "plugins_used": [
    {
      "name": "ArtifactoryDetector"
    },
    {
      "name": "AWSKeyDetector"
    },
    {
      "name": "AzureStorageKeyDetector"
    },
    {
      "name": "Base64HighEntropyString",
      "limit": 4.5
    },
    {
      "name": "BasicAuthDetector"
    },
    {
      "name": "CloudantDetector"
    },
    {
      "name": "DiscordBotTokenDetector"
    },
    {
      "name": "GitHubTokenDetector"
    },
    {
      "name": "GitLabTokenDetector"
    },
    {
      "name": "HexHighEntropyString",
      "limit": 3.0
    },
    {
      "name": "IbmCloudIamDetector"
    },
    {
      "name": "IbmCosHmacDetector"
    },
    {
      "name": "IPPublicDetector"
    },
    {
      "name": "JwtTokenDetector"
    },
    {
      "name": "KeywordDetector",
      "keyword_exclude": ""
    },
    {
      "name": "MailchimpDetector"
    },
    {
      "name": "NpmDetector"
    },
    {
      "name": "OpenAIDetector"
    },
    {
      "name": "PrivateKeyDetector"
    },
    {
      "name": "PypiTokenDetector"
    },
    {
      "name": "SendGridDetector"
    },
    {
      "name": "SlackDetector"
    },
    {
      "name": "SoftlayerDetector"
    },
    {
      "name": "SquareOAuthDetector"
    },
    {
      "name": "StripeDetector"
    },
    {
      "name": "TelegramBotTokenDetector"
    },
    {
      "name": "TwilioKeyDetector"
    }
  ],
  "filters_used": [
    {
      "path": "detect_secrets.filters.allowlist.is_line_allowlisted"
    },
    {
      "path": "detect_secrets.filters.common.is_baseline_file",
      "filename": ".secrets.baseline"
    },
    {
      "path": "detect_secrets.filters.common.is_ignored_due_to_verification_policies",
      "min_level": 2
    },
    {
      "path": "detect_secrets.filters.heuristic.is_indirect_reference"
    },
    {
      "path": "detect_secrets.filters.heuristic.is_likely_id_string"
    },
    {
      "path": "detect_secrets.filters.heuristic.is_lock_file"
    },
    {
      "path": "detect_secrets.filters.heuristic.is_not_alphanumeric_string"
    },
    {
      "path": "detect_secrets.filters.heuristic.is_potential_uuid"
    },
    {
      "path": "detect_secrets.filters.heuristic.is_prefixed_with_dollar_sign"
    },
    {
      "path": "detect_secrets.filters.heuristic.is_sequential_string"
    },
    {
      "path": "detect_secrets.filters.heuristic.is_swagger_file"
    },
    {
      "path": "detect_secrets.filters.heuristic.is_templated_secret"
    }
  ],
  "results": {
    "test-resources/headless-core-stub/lambdas/callback/tests/services/callback-service.test.ts": [
      {
        "type": "Secret Keyword",
        "filename": "test-resources/headless-core-stub/lambdas/callback/tests/services/callback-service.test.ts",
        "hashed_secret": "2e7a7ee14caebf378fc32d6cf6f557f347c96773",
        "is_verified": false,
        "line_number": 18
      },
      {
        "type": "JSON Web Token",
        "filename": "test-resources/headless-core-stub/lambdas/callback/tests/services/callback-service.test.ts",
        "hashed_secret": "0fbdbd8e3a34144a96ba01d26f2bf020a4578e05",
        "is_verified": false,
        "line_number": 47
      }
    ],
    "test-resources/headless-core-stub/lambdas/mock-jwks/tests/services/cache-jwks.test.ts": [
      {
        "type": "Hex High Entropy String",
        "filename": "test-resources/headless-core-stub/lambdas/mock-jwks/tests/services/cache-jwks.test.ts",
        "hashed_secret": "5feb2895ffbc3b7dcffd4f03bb74b26917f208d0",
        "is_verified": false,
        "line_number": 27
      }
    ],
    "test-resources/headless-core-stub/utils/src/constants.ts": [
      {
        "type": "Base64 High Entropy String",
        "filename": "test-resources/headless-core-stub/utils/src/constants.ts",
        "hashed_secret": "11293d1f6a73298d96a35fb0248c2b8e5a012c68",
        "is_verified": false,
        "line_number": 8
      },
      {
        "type": "Base64 High Entropy String",
        "filename": "test-resources/headless-core-stub/utils/src/constants.ts",
        "hashed_secret": "30dd9eebaf5f120c440f7cff8f1faddfa531be1c",
        "is_verified": false,
        "line_number": 9
      }
    ],
    "test-resources/headless-core-stub/utils/tests/keypair/index.test.ts": [
      {
        "type": "Hex High Entropy String",
        "filename": "test-resources/headless-core-stub/utils/tests/keypair/index.test.ts",
        "hashed_secret": "a38420deb7bd79da088e53f3b0f2213e4b8f2137",
        "is_verified": false,
        "line_number": 49
      }
    ],
    "test-resources/headless-core-stub/utils/tests/test-data.ts": [
      {
        "type": "Base64 High Entropy String",
        "filename": "test-resources/headless-core-stub/utils/tests/test-data.ts",
        "hashed_secret": "98dd2a9fbcd0d07c08f0e238e36d145612b865ab",
        "is_verified": false,
        "line_number": 7
      },
      {
        "type": "Base64 High Entropy String",
        "filename": "test-resources/headless-core-stub/utils/tests/test-data.ts",
        "hashed_secret": "f4abfd128f67e66ef8ecf8c5fb65457f2c8a0dcd",
        "is_verified": false,
        "line_number": 10
      },
      {
        "type": "Base64 High Entropy String",
        "filename": "test-resources/headless-core-stub/utils/tests/test-data.ts",
        "hashed_secret": "1c704cc2a69c6594551e1d2ad500216e28c721ae",
        "is_verified": false,
        "line_number": 11
      },
      {
        "type": "Base64 High Entropy String",
        "filename": "test-resources/headless-core-stub/utils/tests/test-data.ts",
        "hashed_secret": "2ceec28e4976dbc75b9192e121c55e772c6da941",
        "is_verified": false,
        "line_number": 12
      },
      {
        "type": "JSON Web Token",
        "filename": "test-resources/headless-core-stub/utils/tests/test-data.ts",
        "hashed_secret": "261e1ca9cee4d30ca974f09a4b63c1386ca55528",
        "is_verified": false,
        "line_number": 17
      },
      {
        "type": "JSON Web Token",
        "filename": "test-resources/headless-core-stub/utils/tests/test-data.ts",
        "hashed_secret": "7566deb6894aa5289ff94a9f7879ae2eb48c8e82",
        "is_verified": false,
        "line_number": 20
      }
    ],
    "test-resources/infrastructure/public-api.yaml": [
      {
        "type": "JSON Web Token",
        "filename": "test-resources/infrastructure/public-api.yaml",
        "hashed_secret": "d6b66ddd9ea7dbe760114bfe9a97352a5e139134",
        "is_verified": false,
        "line_number": 65
      }
    ],
    "test-resources/integration-tests/mock-jwks/mock-jwks-happy.test.ts": [
      {
        "type": "Hex High Entropy String",
        "filename": "test-resources/integration-tests/mock-jwks/mock-jwks-happy.test.ts",
        "hashed_secret": "5feb2895ffbc3b7dcffd4f03bb74b26917f208d0",
        "is_verified": false,
        "line_number": 20
      },
      {
        "type": "Base64 High Entropy String",
        "filename": "test-resources/integration-tests/mock-jwks/mock-jwks-happy.test.ts",
        "hashed_secret": "11293d1f6a73298d96a35fb0248c2b8e5a012c68",
        "is_verified": false,
        "line_number": 21
      },
      {
        "type": "Base64 High Entropy String",
        "filename": "test-resources/integration-tests/mock-jwks/mock-jwks-happy.test.ts",
        "hashed_secret": "30dd9eebaf5f120c440f7cff8f1faddfa531be1c",
        "is_verified": false,
        "line_number": 22
      }
    ]
  },
  "generated_at": "2026-09-12T17:06:39Z"
}
